-----------------------------------------------------------
Server listening on 5201 (test #1)
-----------------------------------------------------------
Accepted connection from 127.0.0.1, port 39022
[  6] local 127.0.0.1 port 5201 connected to 127.0.0.1 port 39026
[ ID] Interval           Transfer     Bitrate
[  6]   0.00-1.00   sec   952 MBytes  7.98 Gbits/sec                  
[  6]   1.00-2.00   sec   984 MBytes  8.26 Gbits/sec                  
[  6]   2.00-3.00   sec  1002 MBytes  8.40 Gbits/sec                  
[  6]   3.00-4.00   sec  1004 MBytes  8.42 Gbits/sec                  
[  6]   4.00-5.00   sec  1.01 GBytes  8.64 Gbits/sec                  
[  6]   5.00-6.00   sec  1014 MBytes  8.51 Gbits/sec                  
[  6]   6.00-7.00   sec  1012 MBytes  8.49 Gbits/sec                  
[  6]   7.00-8.00   sec   947 MBytes  7.94 Gbits/sec                  
[  6]   8.00-9.00   sec   938 MBytes  7.87 Gbits/sec                  
[  6]   9.00-10.00  sec   977 MBytes  8.19 Gbits/sec                  
[  6]  10.00-11.00  sec   978 MBytes  8.21 Gbits/sec                  
[  6]  11.00-12.00  sec   968 MBytes  8.12 Gbits/sec                  
[  6]  12.00-13.00  sec   983 MBytes  8.24 Gbits/sec                  
[  6]  13.00-14.00  sec  1022 MBytes  8.58 Gbits/sec                  
[  6]  14.00-15.00  sec   950 MBytes  7.96 Gbits/sec                  
[  6]  15.00-16.00  sec   891 MBytes  7.45 Gbits/sec                  
[  6]  16.00-17.00  sec   929 MBytes  7.82 Gbits/sec                  
[  6]  17.00-18.00  sec   915 MBytes  7.68 Gbits/sec                  
[  6]  18.00-19.00  sec   920 MBytes  7.72 Gbits/sec                  
[  6]  19.00-20.00  sec   930 MBytes  7.81 Gbits/sec                  
[  6]  20.00-21.00  sec   971 MBytes  8.15 Gbits/sec                  
[  6]  21.00-22.00  sec  1.01 GBytes  8.70 Gbits/sec                  
[  6]  22.00-23.00  sec  1.03 GBytes  8.88 Gbits/sec                  
[  6]  23.00-24.00  sec  1010 MBytes  8.47 Gbits/sec                  
[  6]  24.00-25.00  sec  1005 MBytes  8.43 Gbits/sec                  
[  6]  25.00-26.00  sec  1012 MBytes  8.50 Gbits/sec                  
[  6]  26.00-27.00  sec  1002 MBytes  8.40 Gbits/sec                  
[  6]  27.00-28.00  sec  1023 MBytes  8.58 Gbits/sec                  
[  6]  28.00-29.00  sec  1007 MBytes  8.45 Gbits/sec                  
[  6]  29.00-30.00  sec  1008 MBytes  8.46 Gbits/sec                  
[  6]  30.00-31.00  sec   946 MBytes  7.93 Gbits/sec                  
[  6]  31.00-32.00  sec  1.00 GBytes  8.59 Gbits/sec                  
[  6]  32.00-33.00  sec   987 MBytes  8.28 Gbits/sec                  
[  6]  33.00-34.00  sec  1005 MBytes  8.42 Gbits/sec                  
[  6]  34.00-35.00  sec   876 MBytes  7.35 Gbits/sec                  
[  6]  35.00-36.00  sec  1.04 GBytes  8.89 Gbits/sec                  
[  6]  36.00-37.00  sec   979 MBytes  8.21 Gbits/sec                  
[  6]  37.00-38.00  sec  1.02 GBytes  8.76 Gbits/sec                  
[  6]  38.00-39.00  sec   983 MBytes  8.25 Gbits/sec                  
[  6]  39.00-40.00  sec   961 MBytes  8.06 Gbits/sec                  
[  6]  40.00-41.00  sec   986 MBytes  8.28 Gbits/sec                  
[  6]  41.00-42.00  sec  1.00 GBytes  8.61 Gbits/sec                  
[  6]  42.00-43.00  sec  1007 MBytes  8.45 Gbits/sec                  
[  6]  43.00-44.00  sec  1000 MBytes  8.39 Gbits/sec                  
[  6]  44.00-45.00  sec   932 MBytes  7.82 Gbits/sec                  
[  6]  45.00-46.00  sec   864 MBytes  7.25 Gbits/sec                  
[  6]  46.00-47.01  sec   867 MBytes  7.23 Gbits/sec                  
[  6]  47.01-48.00  sec   951 MBytes  8.01 Gbits/sec                  
[  6]  48.00-49.00  sec   897 MBytes  7.54 Gbits/sec                  
[  6]  49.00-50.00  sec   944 MBytes  7.92 Gbits/sec                  
[  6]  50.00-51.00  sec  1.01 GBytes  8.65 Gbits/sec                  
[  6]  51.00-52.00  sec   994 MBytes  8.34 Gbits/sec                  
[  6]  52.00-53.00  sec  1010 MBytes  8.47 Gbits/sec                  
[  6]  53.00-54.00  sec   954 MBytes  8.01 Gbits/sec                  
[  6]  54.00-55.00  sec   998 MBytes  8.37 Gbits/sec                  
[  6]  55.00-56.00  sec   989 MBytes  8.29 Gbits/sec                  
[  6]  56.00-57.00  sec   957 MBytes  8.03 Gbits/sec                  
[  6]  57.00-58.00  sec   962 MBytes  8.07 Gbits/sec                  
[  6]  58.00-59.00  sec  1006 MBytes  8.44 Gbits/sec                  
[  6]  59.00-60.00  sec   996 MBytes  8.36 Gbits/sec                  
[  6]  60.00-61.00  sec   993 MBytes  8.33 Gbits/sec                  
[  6]  61.00-62.00  sec   972 MBytes  8.15 Gbits/sec                  
[  6]  62.00-63.00  sec   968 MBytes  8.12 Gbits/sec                  
[  6]  63.00-64.00  sec   906 MBytes  7.59 Gbits/sec                  
[  6]  64.00-65.00  sec  1004 MBytes  8.42 Gbits/sec                  
[  6]  65.00-66.00  sec   989 MBytes  8.31 Gbits/sec                  
[  6]  66.00-67.00  sec   950 MBytes  7.97 Gbits/sec                  
[  6]  67.00-68.00  sec   979 MBytes  8.22 Gbits/sec                  
[  6]  68.00-69.00  sec   986 MBytes  8.26 Gbits/sec                  
[  6]  69.00-70.00  sec  1006 MBytes  8.45 Gbits/sec                  
[  6]  70.00-71.00  sec  1.03 GBytes  8.85 Gbits/sec                  
[  6]  71.00-72.00  sec  1002 MBytes  8.40 Gbits/sec                  
[  6]  72.00-73.00  sec   997 MBytes  8.36 Gbits/sec                  
[  6]  73.00-74.00  sec  1013 MBytes  8.50 Gbits/sec                  
[  6]  74.00-75.00  sec   955 MBytes  8.01 Gbits/sec                  
[  6]  75.00-76.00  sec   901 MBytes  7.56 Gbits/sec                  
[  6]  76.00-77.00  sec   893 MBytes  7.49 Gbits/sec                  
[  6]  77.00-78.00  sec   917 MBytes  7.70 Gbits/sec                  
[  6]  78.00-79.00  sec   964 MBytes  8.09 Gbits/sec                  
[  6]  79.00-80.00  sec   905 MBytes  7.58 Gbits/sec                  
[  6]  80.00-81.00  sec   992 MBytes  8.32 Gbits/sec                  
[  6]  81.00-82.00  sec   976 MBytes  8.20 Gbits/sec                  
[  6]  82.00-83.00  sec   962 MBytes  8.07 Gbits/sec                  
[  6]  83.00-84.00  sec   953 MBytes  7.99 Gbits/sec                  
[  6]  84.00-85.00  sec   938 MBytes  7.87 Gbits/sec                  
[  6]  85.00-86.00  sec   988 MBytes  8.29 Gbits/sec                  
[  6]  86.00-87.00  sec   999 MBytes  8.38 Gbits/sec                  
[  6]  87.00-88.00  sec  1004 MBytes  8.41 Gbits/sec                  
[  6]  88.00-89.00  sec   964 MBytes  8.10 Gbits/sec                  
[  6]  89.00-90.00  sec   960 MBytes  8.04 Gbits/sec                  
[  6]  90.00-91.00  sec   961 MBytes  8.07 Gbits/sec                  
[  6]  91.00-92.00  sec  1004 MBytes  8.42 Gbits/sec                  
[  6]  92.00-93.00  sec  1.01 GBytes  8.64 Gbits/sec                  
[  6]  93.00-94.00  sec  1022 MBytes  8.57 Gbits/sec                  
[  6]  94.00-95.00  sec   991 MBytes  8.31 Gbits/sec                  
[  6]  95.00-96.00  sec  1.04 GBytes  8.89 Gbits/sec                  
[  6]  96.00-97.00  sec  1022 MBytes  8.58 Gbits/sec                  
[  6]  97.00-98.00  sec   963 MBytes  8.07 Gbits/sec                  
[  6]  98.00-99.00  sec   975 MBytes  8.18 Gbits/sec                  
[  6]  99.00-100.00 sec  1014 MBytes  8.51 Gbits/sec                  
[  6] 100.00-101.00 sec   999 MBytes  8.38 Gbits/sec                  
[  6] 101.00-102.00 sec   963 MBytes  8.06 Gbits/sec                  
[  6] 102.00-103.00 sec   953 MBytes  8.01 Gbits/sec                  
[  6] 103.00-104.00 sec   942 MBytes  7.90 Gbits/sec                  
[  6] 104.00-105.01 sec   870 MBytes  7.27 Gbits/sec                  
[  6] 105.01-106.00 sec   843 MBytes  7.11 Gbits/sec                  
[  6] 106.00-107.00 sec   818 MBytes  6.86 Gbits/sec                  
[  6] 107.00-108.00 sec   826 MBytes  6.93 Gbits/sec                  
[  6] 108.00-109.00 sec   808 MBytes  6.78 Gbits/sec                  
[  6] 109.00-110.00 sec   778 MBytes  6.52 Gbits/sec                  
[  6] 110.00-111.01 sec   877 MBytes  7.27 Gbits/sec                  
[  6] 111.01-112.00 sec   851 MBytes  7.22 Gbits/sec                  
[  6] 112.00-113.00 sec   850 MBytes  7.13 Gbits/sec                  
[  6] 113.00-114.00 sec   820 MBytes  6.88 Gbits/sec                  
[  6] 114.00-115.00 sec   830 MBytes  6.97 Gbits/sec                  
[  6] 115.00-116.00 sec   813 MBytes  6.81 Gbits/sec                  
[  6] 116.00-117.00 sec   874 MBytes  7.33 Gbits/sec                  
[  6] 117.00-118.00 sec   868 MBytes  7.28 Gbits/sec                  
[  6] 118.00-119.00 sec   886 MBytes  7.44 Gbits/sec                  
[  6] 119.00-120.00 sec   857 MBytes  7.19 Gbits/sec                  
[  6] 120.00-121.00 sec   827 MBytes  6.92 Gbits/sec                  
[  6] 121.00-122.00 sec   885 MBytes  7.44 Gbits/sec                  
[  6] 122.00-123.00 sec   840 MBytes  7.05 Gbits/sec                  
[  6] 123.00-124.00 sec   759 MBytes  6.37 Gbits/sec                  
[  6] 124.00-125.00 sec   804 MBytes  6.74 Gbits/sec                  
[  6] 125.00-126.00 sec   788 MBytes  6.61 Gbits/sec                  
[  6] 126.00-127.00 sec   829 MBytes  6.95 Gbits/sec                  
[  6] 127.00-128.00 sec   811 MBytes  6.80 Gbits/sec                  
[  6] 128.00-129.00 sec   807 MBytes  6.77 Gbits/sec                  
[  6] 129.00-130.00 sec   798 MBytes  6.69 Gbits/sec                  
[  6] 130.00-131.00 sec   740 MBytes  6.21 Gbits/sec                  
[  6] 131.00-132.00 sec   808 MBytes  6.79 Gbits/sec                  
[  6] 132.00-133.00 sec   802 MBytes  6.73 Gbits/sec                  
[  6] 133.00-134.00 sec   848 MBytes  7.11 Gbits/sec                  
[  6] 134.00-135.00 sec   827 MBytes  6.94 Gbits/sec                  
[  6] 135.00-136.00 sec   782 MBytes  6.55 Gbits/sec                  
[  6] 136.00-137.00 sec   833 MBytes  6.99 Gbits/sec                  
[  6] 137.00-138.00 sec   745 MBytes  6.25 Gbits/sec                  
[  6] 138.00-139.00 sec   747 MBytes  6.26 Gbits/sec                  
[  6] 139.00-140.00 sec   762 MBytes  6.40 Gbits/sec                  
[  6] 140.00-141.00 sec   827 MBytes  6.92 Gbits/sec                  
[  6] 141.00-142.00 sec   827 MBytes  6.95 Gbits/sec                  
[  6] 142.00-143.00 sec   819 MBytes  6.87 Gbits/sec                  
[  6] 143.00-144.00 sec   810 MBytes  6.80 Gbits/sec                  
[  6] 144.00-145.00 sec   814 MBytes  6.83 Gbits/sec                  
[  6] 145.00-146.00 sec   790 MBytes  6.62 Gbits/sec                  
[  6] 146.00-147.00 sec   776 MBytes  6.51 Gbits/sec                  
[  6] 147.00-148.00 sec   780 MBytes  6.55 Gbits/sec                  
[  6] 148.00-149.00 sec   827 MBytes  6.94 Gbits/sec                  
[  6] 149.00-150.00 sec   863 MBytes  7.24 Gbits/sec                  
[  6] 150.00-151.00 sec   854 MBytes  7.16 Gbits/sec                  
[  6] 151.00-152.00 sec   882 MBytes  7.40 Gbits/sec                  
[  6] 152.00-153.00 sec   813 MBytes  6.82 Gbits/sec                  
[  6] 153.00-154.00 sec   781 MBytes  6.54 Gbits/sec                  
[  6] 154.00-155.00 sec   733 MBytes  6.15 Gbits/sec                  
[  6] 155.00-156.00 sec   814 MBytes  6.82 Gbits/sec                  
[  6] 156.00-157.00 sec   848 MBytes  7.12 Gbits/sec                  
[  6] 157.00-158.00 sec   760 MBytes  6.38 Gbits/sec                  
[  6] 158.00-159.00 sec   784 MBytes  6.58 Gbits/sec                  
[  6] 159.00-160.00 sec   824 MBytes  6.91 Gbits/sec                  
[  6] 160.00-161.00 sec   858 MBytes  7.20 Gbits/sec                  
[  6] 161.00-162.00 sec   813 MBytes  6.82 Gbits/sec                  
[  6] 162.00-163.00 sec   804 MBytes  6.75 Gbits/sec                  
[  6] 163.00-164.00 sec   760 MBytes  6.37 Gbits/sec                  
[  6] 164.00-165.00 sec   754 MBytes  6.33 Gbits/sec                  
[  6] 165.00-166.00 sec   686 MBytes  5.75 Gbits/sec                  
[  6] 166.00-167.00 sec   704 MBytes  5.91 Gbits/sec                  
[  6] 167.00-168.00 sec   711 MBytes  5.96 Gbits/sec                  
[  6] 168.00-169.00 sec   752 MBytes  6.31 Gbits/sec                  
[  6] 169.00-170.00 sec   799 MBytes  6.71 Gbits/sec                  
[  6] 170.00-171.00 sec   850 MBytes  7.13 Gbits/sec                  
[  6] 171.00-172.00 sec   806 MBytes  6.76 Gbits/sec                  
[  6] 172.00-173.00 sec   765 MBytes  6.42 Gbits/sec                  
[  6] 173.00-174.00 sec   728 MBytes  6.10 Gbits/sec                  
[  6] 174.00-175.00 sec   802 MBytes  6.73 Gbits/sec                  
[  6] 175.00-176.01 sec   820 MBytes  6.83 Gbits/sec                  
[  6] 176.01-177.00 sec   808 MBytes  6.81 Gbits/sec                  
[  6] 177.00-178.00 sec   811 MBytes  6.81 Gbits/sec                  
[  6] 178.00-179.00 sec   839 MBytes  7.03 Gbits/sec                  
[  6] 179.00-180.00 sec   814 MBytes  6.83 Gbits/sec                  
[  6] 180.00-181.00 sec   828 MBytes  6.94 Gbits/sec                  
[  6] 181.00-182.00 sec   793 MBytes  6.65 Gbits/sec                  
[  6] 182.00-183.00 sec   738 MBytes  6.19 Gbits/sec                  
[  6] 183.00-184.00 sec   815 MBytes  6.83 Gbits/sec                  
[  6] 184.00-185.00 sec   838 MBytes  7.03 Gbits/sec                  
[  6] 185.00-186.00 sec   791 MBytes  6.64 Gbits/sec                  
[  6] 186.00-187.00 sec   791 MBytes  6.63 Gbits/sec                  
[  6] 187.00-188.00 sec   828 MBytes  6.94 Gbits/sec                  
[  6] 188.00-189.00 sec   823 MBytes  6.90 Gbits/sec                  
[  6] 189.00-190.00 sec   798 MBytes  6.70 Gbits/sec                  
[  6] 190.00-191.00 sec   744 MBytes  6.23 Gbits/sec                  
[  6] 191.00-192.00 sec   750 MBytes  6.30 Gbits/sec                  
[  6] 192.00-193.00 sec   658 MBytes  5.52 Gbits/sec                  
[  6] 193.00-194.00 sec   758 MBytes  6.36 Gbits/sec                  
[  6] 194.00-195.00 sec   708 MBytes  5.93 Gbits/sec                  
[  6] 195.00-196.00 sec   680 MBytes  5.71 Gbits/sec                  
[  6] 196.00-197.00 sec   750 MBytes  6.29 Gbits/sec                  
[  6] 197.00-198.00 sec   712 MBytes  5.95 Gbits/sec                  
[  6] 198.00-199.00 sec   762 MBytes  6.40 Gbits/sec                  
[  6] 199.00-200.00 sec   755 MBytes  6.35 Gbits/sec                  
[  6] 200.00-201.00 sec   767 MBytes  6.43 Gbits/sec                  
[  6] 201.00-202.00 sec   732 MBytes  6.14 Gbits/sec                  
[  6] 202.00-203.00 sec   716 MBytes  6.01 Gbits/sec                  
[  6] 203.00-204.00 sec   717 MBytes  6.00 Gbits/sec                  
[  6] 204.00-205.00 sec   722 MBytes  6.07 Gbits/sec                  
[  6] 205.00-206.00 sec   781 MBytes  6.55 Gbits/sec                  
[  6] 206.00-207.00 sec   799 MBytes  6.70 Gbits/sec                  
[  6] 207.00-208.00 sec   743 MBytes  6.22 Gbits/sec                  
[  6] 208.00-209.00 sec   747 MBytes  6.28 Gbits/sec                  
[  6] 209.00-210.00 sec   722 MBytes  6.05 Gbits/sec                  
[  6] 210.00-211.00 sec   709 MBytes  5.96 Gbits/sec                  
[  6] 211.00-212.00 sec   736 MBytes  6.17 Gbits/sec                  
[  6] 212.00-213.00 sec   729 MBytes  6.11 Gbits/sec                  
[  6] 213.00-214.00 sec   730 MBytes  6.12 Gbits/sec                  
[  6] 214.00-215.00 sec   658 MBytes  5.52 Gbits/sec                  
[  6] 215.00-216.00 sec   650 MBytes  5.46 Gbits/sec                  
[  6] 216.00-217.00 sec   743 MBytes  6.23 Gbits/sec                  
[  6] 217.00-218.00 sec   719 MBytes  6.03 Gbits/sec                  
[  6] 218.00-219.00 sec   755 MBytes  6.34 Gbits/sec                  
[  6] 219.00-220.00 sec   744 MBytes  6.24 Gbits/sec                  
[  6] 220.00-221.00 sec   746 MBytes  6.26 Gbits/sec                  
[  6] 221.00-222.00 sec   732 MBytes  6.14 Gbits/sec                  
[  6] 222.00-223.00 sec   746 MBytes  6.26 Gbits/sec                  
[  6] 223.00-224.00 sec   744 MBytes  6.22 Gbits/sec                  
[  6] 224.00-225.00 sec   706 MBytes  5.94 Gbits/sec                  
[  6] 225.00-226.00 sec   678 MBytes  5.68 Gbits/sec                  
[  6] 226.00-227.00 sec   705 MBytes  5.90 Gbits/sec                  
[  6] 227.00-228.00 sec   704 MBytes  5.92 Gbits/sec                  
[  6] 228.00-229.00 sec   673 MBytes  5.64 Gbits/sec                  
[  6] 229.00-230.00 sec   737 MBytes  6.18 Gbits/sec                  
[  6] 230.00-231.00 sec   745 MBytes  6.24 Gbits/sec                  
[  6] 231.00-232.00 sec   754 MBytes  6.34 Gbits/sec                  
[  6] 232.00-233.00 sec   746 MBytes  6.25 Gbits/sec                  
[  6] 233.00-234.00 sec   712 MBytes  5.97 Gbits/sec                  
[  6] 234.00-235.00 sec   719 MBytes  6.03 Gbits/sec                  
[  6] 235.00-236.00 sec   773 MBytes  6.48 Gbits/sec                  
[  6] 236.00-237.00 sec   851 MBytes  7.13 Gbits/sec                  
[  6] 237.00-238.00 sec   811 MBytes  6.80 Gbits/sec                  
[  6] 238.00-239.00 sec   743 MBytes  6.23 Gbits/sec                  
[  6] 239.00-240.00 sec   807 MBytes  6.78 Gbits/sec                  
[  6] 240.00-241.00 sec   741 MBytes  6.20 Gbits/sec                  
[  6] 241.00-242.00 sec   841 MBytes  7.08 Gbits/sec                  
[  6] 242.00-243.00 sec   776 MBytes  6.51 Gbits/sec                  
[  6] 243.00-244.00 sec   837 MBytes  7.02 Gbits/sec                  
[  6] 244.00-245.00 sec   748 MBytes  6.28 Gbits/sec                  
[  6] 245.00-246.00 sec   830 MBytes  6.96 Gbits/sec                  
[  6] 246.00-247.00 sec   818 MBytes  6.86 Gbits/sec                  
[  6] 247.00-248.00 sec   772 MBytes  6.48 Gbits/sec                  
[  6] 248.00-249.00 sec   771 MBytes  6.47 Gbits/sec                  
[  6] 249.00-250.00 sec   818 MBytes  6.86 Gbits/sec                  
[  6] 250.00-251.00 sec   820 MBytes  6.88 Gbits/sec                  
[  6] 251.00-252.00 sec   813 MBytes  6.80 Gbits/sec                  
[  6] 252.00-253.00 sec   804 MBytes  6.76 Gbits/sec                  
[  6] 253.00-254.00 sec   809 MBytes  6.78 Gbits/sec                  
[  6] 254.00-255.00 sec   724 MBytes  6.07 Gbits/sec                  
[  6] 255.00-256.00 sec   754 MBytes  6.32 Gbits/sec                  
[  6] 256.00-257.01 sec   702 MBytes  5.86 Gbits/sec                  
[  6] 257.01-258.01 sec   726 MBytes  6.09 Gbits/sec                  
[  6] 258.01-259.00 sec   724 MBytes  6.10 Gbits/sec                  
[  6] 259.00-260.00 sec   744 MBytes  6.24 Gbits/sec                  
[  6] 260.00-261.00 sec   834 MBytes  6.99 Gbits/sec                  
[  6] 261.00-262.00 sec   812 MBytes  6.81 Gbits/sec                  
[  6] 262.00-263.00 sec   781 MBytes  6.57 Gbits/sec                  
[  6] 263.00-264.00 sec   808 MBytes  6.78 Gbits/sec                  
[  6] 264.00-265.00 sec   789 MBytes  6.62 Gbits/sec                  
[  6] 265.00-266.00 sec   762 MBytes  6.39 Gbits/sec                  
[  6] 266.00-267.00 sec   772 MBytes  6.48 Gbits/sec                  
[  6] 267.00-268.00 sec   759 MBytes  6.36 Gbits/sec                  
[  6] 268.00-269.00 sec   777 MBytes  6.51 Gbits/sec                  
[  6] 269.00-270.00 sec   792 MBytes  6.65 Gbits/sec                  
[  6] 270.00-271.00 sec   820 MBytes  6.89 Gbits/sec                  
[  6] 271.00-272.00 sec   851 MBytes  7.14 Gbits/sec                  
[  6] 272.00-273.00 sec   800 MBytes  6.72 Gbits/sec                  
[  6] 273.00-274.00 sec   752 MBytes  6.31 Gbits/sec                  
[  6] 274.00-275.01 sec   682 MBytes  5.69 Gbits/sec                  
[  6] 275.01-276.00 sec   781 MBytes  6.58 Gbits/sec                  
[  6] 276.00-277.00 sec   796 MBytes  6.66 Gbits/sec                  
[  6] 277.00-278.00 sec   715 MBytes  6.02 Gbits/sec                  
[  6] 278.00-279.00 sec   766 MBytes  6.43 Gbits/sec                  
[  6] 279.00-280.00 sec   782 MBytes  6.56 Gbits/sec                  
[  6] 280.00-281.00 sec   805 MBytes  6.75 Gbits/sec                  
[  6] 281.00-282.01 sec   803 MBytes  6.70 Gbits/sec                  
[  6] 282.01-283.00 sec   807 MBytes  6.80 Gbits/sec                  
[  6] 283.00-284.00 sec   822 MBytes  6.89 Gbits/sec                  
[  6] 284.00-285.01 sec   782 MBytes  6.52 Gbits/sec                  
[  6] 285.01-286.00 sec   733 MBytes  6.19 Gbits/sec                  
[  6] 286.00-287.00 sec   681 MBytes  5.71 Gbits/sec                  
[  6] 287.00-288.00 sec   730 MBytes  6.11 Gbits/sec                  
[  6] 288.00-289.00 sec   694 MBytes  5.84 Gbits/sec                  
[  6] 289.00-290.00 sec   743 MBytes  6.23 Gbits/sec                  
[  6] 290.00-291.00 sec   782 MBytes  6.56 Gbits/sec                  
[  6] 291.00-292.00 sec   830 MBytes  6.94 Gbits/sec                  
[  6] 292.00-293.00 sec   838 MBytes  7.05 Gbits/sec                  
[  6] 293.00-294.00 sec   792 MBytes  6.64 Gbits/sec                  
[  6] 294.00-295.00 sec   817 MBytes  6.86 Gbits/sec                  
[  6] 295.00-296.00 sec   844 MBytes  7.08 Gbits/sec                  
[  6] 296.00-297.00 sec   863 MBytes  7.25 Gbits/sec                  
[  6] 297.00-298.00 sec   882 MBytes  7.40 Gbits/sec                  
[  6] 298.00-299.00 sec   864 MBytes  7.25 Gbits/sec                  
[  6] 299.00-300.00 sec   857 MBytes  7.18 Gbits/sec                  
[  6] 299.00-300.00 sec   857 MBytes  7.18 Gbits/sec                  
- - - - - - - - - - - - - - - - - - - - - - - - -
[ ID] Interval           Transfer     Bitrate
[  6]   0.00-300.00 sec   249 GBytes  7.13 Gbits/sec                  receiver
iperf3: the client has terminated
iperf3: error - unable to start listener for connections: Address already in use
iperf3: exiting
-----------------------------------------------------------
Server listening on 5201 (test #2)
-----------------------------------------------------------
Accepted connection from 127.0.0.1, port 58600
[  6] local 127.0.0.1 port 5201 connected to 127.0.0.1 port 58604
[ ID] Interval           Transfer     Bitrate
[  6]   0.00-1.01   sec   734 MBytes  6.11 Gbits/sec                  
[  6]   1.01-2.00   sec   753 MBytes  6.36 Gbits/sec                  
[  6]   2.00-3.00   sec   770 MBytes  6.46 Gbits/sec                  
[  6]   3.00-4.00   sec   783 MBytes  6.57 Gbits/sec                  
[  6]   4.00-5.00   sec   787 MBytes  6.60 Gbits/sec                  
[  6]   5.00-6.00   sec   843 MBytes  7.07 Gbits/sec                  
[  6]   6.00-7.00   sec   859 MBytes  7.19 Gbits/sec                  
[  6]   7.00-8.00   sec   843 MBytes  7.09 Gbits/sec                  
[  6]   8.00-9.00   sec   843 MBytes  7.07 Gbits/sec                  
[  6]   9.00-10.00  sec   862 MBytes  7.23 Gbits/sec                  
[  6]  10.00-11.00  sec   819 MBytes  6.87 Gbits/sec                  
[  6]  11.00-12.00  sec   804 MBytes  6.75 Gbits/sec                  
[  6]  12.00-13.00  sec   825 MBytes  6.92 Gbits/sec                  
[  6]  13.00-14.00  sec   763 MBytes  6.40 Gbits/sec                  
[  6]  14.00-15.00  sec   772 MBytes  6.48 Gbits/sec                  
[  6]  15.00-16.00  sec   775 MBytes  6.50 Gbits/sec                  
[  6]  16.00-17.00  sec   812 MBytes  6.80 Gbits/sec                  
[  6]  17.00-18.00  sec   719 MBytes  6.04 Gbits/sec                  
[  6]  18.00-19.00  sec   710 MBytes  5.95 Gbits/sec                  
[  6]  19.00-20.00  sec   773 MBytes  6.49 Gbits/sec                  
[  6]  20.00-21.00  sec   784 MBytes  6.57 Gbits/sec                  
[  6]  21.00-22.00  sec   820 MBytes  6.88 Gbits/sec                  
[  6]  22.00-23.00  sec   803 MBytes  6.74 Gbits/sec                  
[  6]  23.00-24.00  sec   792 MBytes  6.64 Gbits/sec                  
[  6]  24.00-25.00  sec   816 MBytes  6.84 Gbits/sec                  
[  6]  25.00-26.00  sec   810 MBytes  6.80 Gbits/sec                  
[  6]  26.00-27.00  sec   677 MBytes  5.68 Gbits/sec                  
[  6]  27.00-28.00  sec   741 MBytes  6.21 Gbits/sec                  
[  6]  28.00-29.00  sec   682 MBytes  5.72 Gbits/sec                  
[  6]  29.00-30.00  sec   700 MBytes  5.87 Gbits/sec                  
[  6]  30.00-30.00  sec   384 KBytes  1.98 Gbits/sec                  
- - - - - - - - - - - - - - - - - - - - - - - - -
[ ID] Interval           Transfer     Bitrate
[  6]   0.00-30.00  sec  22.9 GBytes  6.56 Gbits/sec                  receiver
-----------------------------------------------------------
Server listening on 5201 (test #3)
-----------------------------------------------------------
Accepted connection from 127.0.0.1, port 35772
[  6] local 127.0.0.1 port 5201 connected to 127.0.0.1 port 35786
[ ID] Interval           Transfer     Bitrate
[  6]   0.00-1.00   sec   854 MBytes  7.15 Gbits/sec                  
[  6]   1.00-2.00   sec   846 MBytes  7.10 Gbits/sec                  
[  6]   2.00-3.00   sec   834 MBytes  6.99 Gbits/sec                  
[  6]   3.00-4.00   sec   775 MBytes  6.51 Gbits/sec                  
[  6]   4.00-5.00   sec   801 MBytes  6.72 Gbits/sec                  
[  6]   5.00-6.00   sec   762 MBytes  6.39 Gbits/sec                  
[  6]   6.00-7.00   sec   800 MBytes  6.71 Gbits/sec                  
[  6]   7.00-8.00   sec   816 MBytes  6.84 Gbits/sec                  
[  6]   8.00-9.00   sec   780 MBytes  6.55 Gbits/sec                  
[  6]   9.00-10.00  sec   758 MBytes  6.36 Gbits/sec                  
[  6]  10.00-11.00  sec   755 MBytes  6.33 Gbits/sec                  
[  6]  11.00-12.00  sec   827 MBytes  6.94 Gbits/sec                  
[  6]  12.00-13.00  sec   838 MBytes  7.03 Gbits/sec                  
[  6]  13.00-14.00  sec   835 MBytes  7.00 Gbits/sec                  
[  6]  14.00-15.00  sec   842 MBytes  7.07 Gbits/sec                  
[  6]  15.00-16.00  sec   873 MBytes  7.32 Gbits/sec                  
[  6]  16.00-17.00  sec   827 MBytes  6.93 Gbits/sec                  
[  6]  17.00-18.00  sec   910 MBytes  7.63 Gbits/sec                  
[  6]  18.00-19.00  sec   902 MBytes  7.56 Gbits/sec                  
[  6]  19.00-20.00  sec   846 MBytes  7.10 Gbits/sec                  
[  6]  20.00-21.00  sec   780 MBytes  6.54 Gbits/sec                  
[  6]  21.00-22.00  sec   766 MBytes  6.41 Gbits/sec                  
[  6]  22.00-23.00  sec   749 MBytes  6.30 Gbits/sec                  
[  6]  23.00-24.00  sec   703 MBytes  5.90 Gbits/sec                  
[  6]  24.00-25.00  sec   722 MBytes  6.05 Gbits/sec                  
[  6]  25.00-26.00  sec   857 MBytes  7.19 Gbits/sec                  
[  6]  26.00-27.00  sec   864 MBytes  7.25 Gbits/sec                  
[  6]  27.00-28.00  sec   822 MBytes  6.89 Gbits/sec                  
[  6]  28.00-29.00  sec   823 MBytes  6.90 Gbits/sec                  
[  6]  29.00-30.00  sec   842 MBytes  7.06 Gbits/sec                  
[  6]  30.00-30.00  sec   256 KBytes  2.82 Gbits/sec                  
- - - - - - - - - - - - - - - - - - - - - - - - -
[ ID] Interval           Transfer     Bitrate
[  6]   0.00-30.00  sec  23.8 GBytes  6.83 Gbits/sec                  receiver
